// Jest Snapshot v1, https://goo.gl/fbAQLP

exports[`Pruebas en <GifGridItems /> debe de mostrar el componente correctamente 1`] = `
<div
  className="card animate__animated animate__bounceIn"
>
  <img
    alt="Titulo"
    src="http://localhost/algo.png"
  />
  <p>
    Titulo
  </p>
</div>
`;
